../Drivers/Src/stm32f429xx_usart_driver.c:28:6:USART_PeriClockControl	16	static
../Drivers/Src/stm32f429xx_usart_driver.c:116:6:USART_PeripheralControl	16	static
../Drivers/Src/stm32f429xx_usart_driver.c:143:6:USART_Init	24	static
../Drivers/Src/stm32f429xx_usart_driver.c:242:6:USART_DeInit	16	static
../Drivers/Src/stm32f429xx_usart_driver.c:292:6:USART_SendData	32	static
../Drivers/Src/stm32f429xx_usart_driver.c:350:6:USART_ReceiveData	32	static
../Drivers/Src/stm32f429xx_usart_driver.c:424:9:USART_SendDataInterrupt	32	static
../Drivers/Src/stm32f429xx_usart_driver.c:460:9:USART_ReceiveDataInterrupt	32	static
../Drivers/Src/stm32f429xx_usart_driver.c:493:6:USART_IRQInterruptConfig	16	static
../Drivers/Src/stm32f429xx_usart_driver.c:546:6:USART_IRQPriorityConfig	24	static
../Drivers/Src/stm32f429xx_usart_driver.c:567:6:USART_IRQHandling	32	static
../Drivers/Src/stm32f429xx_usart_driver.c:849:6:USART_SetBaudRate	40	static
../Drivers/Src/stm32f429xx_usart_driver.c:926:9:USART_GetFlagStatus	16	static
../Drivers/Src/stm32f429xx_usart_driver.c:949:6:USART_ClearFlag	16	static
../Drivers/Src/stm32f429xx_usart_driver.c:968:13:USART_ApplicationEventCallback	16	static
