../Drivers/Src/stm32f429xx_spi_driver.c:37:6:SPI_PeriClockControl	16	static
../Drivers/Src/stm32f429xx_spi_driver.c:110:6:SPI_Init	24	static
../Drivers/Src/stm32f429xx_spi_driver.c:174:6:SPI_DeInit	16	static
../Drivers/Src/stm32f429xx_spi_driver.c:209:9:SPI_GetFlagStatus	16	static
../Drivers/Src/stm32f429xx_spi_driver.c:235:6:SPI_SendData	24	static
../Drivers/Src/stm32f429xx_spi_driver.c:277:6:SPI_ReceiveData	24	static
../Drivers/Src/stm32f429xx_spi_driver.c:317:6:SPI_PeripheralControl	16	static
../Drivers/Src/stm32f429xx_spi_driver.c:343:6:SPI_SSIConfig	16	static
../Drivers/Src/stm32f429xx_spi_driver.c:369:6:SPI_SSOEConfig	16	static
../Drivers/Src/stm32f429xx_spi_driver.c:398:6:SPI_IRQInterruptConfig	16	static
../Drivers/Src/stm32f429xx_spi_driver.c:452:6:SPI_IRQPriorityConfig	24	static
../Drivers/Src/stm32f429xx_spi_driver.c:477:9:SPI_SendDataInterruptMode	32	static
../Drivers/Src/stm32f429xx_spi_driver.c:513:9:SPI_ReceiveDataInterruptMode	32	static
../Drivers/Src/stm32f429xx_spi_driver.c:546:6:SPI_IRQHandling	24	static
../Drivers/Src/stm32f429xx_spi_driver.c:596:13:SPI_TXE_InterruptHandle	16	static
../Drivers/Src/stm32f429xx_spi_driver.c:638:13:SPI_RXNE_InterruptHandle	16	static
../Drivers/Src/stm32f429xx_spi_driver.c:681:13:SPI_OVR_ErrInterruptHandle	24	static
../Drivers/Src/stm32f429xx_spi_driver.c:711:6:SPI_CloseTransmission	16	static
../Drivers/Src/stm32f429xx_spi_driver.c:732:6:SPI_CloseReception	16	static
../Drivers/Src/stm32f429xx_spi_driver.c:753:6:SPI_ClearOVRFlag	24	static
