Archive member included to satisfy reference by file (symbol)

C:/ST/STM32CubeIDE_1.16.0/STM32CubeIDE/plugins/com.st.stm32cube.ide.mcu.externaltools.gnu-tools-for-stm32.12.3.rel1.win32_1.0.200.202406191623/tools/bin/../lib/gcc/arm-none-eabi/12.3.1/../../../../arm-none-eabi/lib/thumb/v7e-m+fp/hard\libc_nano.a(libc_a-exit.o)
                              C:/ST/STM32CubeIDE_1.16.0/STM32CubeIDE/plugins/com.st.stm32cube.ide.mcu.externaltools.gnu-tools-for-stm32.12.3.rel1.win32_1.0.200.202406191623/tools/bin/../lib/gcc/arm-none-eabi/12.3.1/../../../../arm-none-eabi/lib/thumb/v7e-m+fp/hard/crt0.o (exit)
C:/ST/STM32CubeIDE_1.16.0/STM32CubeIDE/plugins/com.st.stm32cube.ide.mcu.externaltools.gnu-tools-for-stm32.12.3.rel1.win32_1.0.200.202406191623/tools/bin/../lib/gcc/arm-none-eabi/12.3.1/../../../../arm-none-eabi/lib/thumb/v7e-m+fp/hard\libc_nano.a(libc_a-findfp.o)
                              C:/ST/STM32CubeIDE_1.16.0/STM32CubeIDE/plugins/com.st.stm32cube.ide.mcu.externaltools.gnu-tools-for-stm32.12.3.rel1.win32_1.0.200.202406191623/tools/bin/../lib/gcc/arm-none-eabi/12.3.1/../../../../arm-none-eabi/lib/thumb/v7e-m+fp/hard\libc_nano.a(libc_a-exit.o) (__stdio_exit_handler)
C:/ST/STM32CubeIDE_1.16.0/STM32CubeIDE/plugins/com.st.stm32cube.ide.mcu.externaltools.gnu-tools-for-stm32.12.3.rel1.win32_1.0.200.202406191623/tools/bin/../lib/gcc/arm-none-eabi/12.3.1/../../../../arm-none-eabi/lib/thumb/v7e-m+fp/hard\libc_nano.a(libc_a-fwalk.o)
                              C:/ST/STM32CubeIDE_1.16.0/STM32CubeIDE/plugins/com.st.stm32cube.ide.mcu.externaltools.gnu-tools-for-stm32.12.3.rel1.win32_1.0.200.202406191623/tools/bin/../lib/gcc/arm-none-eabi/12.3.1/../../../../arm-none-eabi/lib/thumb/v7e-m+fp/hard\libc_nano.a(libc_a-findfp.o) (_fwalk_sglue)
C:/ST/STM32CubeIDE_1.16.0/STM32CubeIDE/plugins/com.st.stm32cube.ide.mcu.externaltools.gnu-tools-for-stm32.12.3.rel1.win32_1.0.200.202406191623/tools/bin/../lib/gcc/arm-none-eabi/12.3.1/../../../../arm-none-eabi/lib/thumb/v7e-m+fp/hard\libc_nano.a(libc_a-stdio.o)
                              C:/ST/STM32CubeIDE_1.16.0/STM32CubeIDE/plugins/com.st.stm32cube.ide.mcu.externaltools.gnu-tools-for-stm32.12.3.rel1.win32_1.0.200.202406191623/tools/bin/../lib/gcc/arm-none-eabi/12.3.1/../../../../arm-none-eabi/lib/thumb/v7e-m+fp/hard\libc_nano.a(libc_a-findfp.o) (__sread)
C:/ST/STM32CubeIDE_1.16.0/STM32CubeIDE/plugins/com.st.stm32cube.ide.mcu.externaltools.gnu-tools-for-stm32.12.3.rel1.win32_1.0.200.202406191623/tools/bin/../lib/gcc/arm-none-eabi/12.3.1/../../../../arm-none-eabi/lib/thumb/v7e-m+fp/hard\libc_nano.a(libc_a-memset.o)
                              C:/ST/STM32CubeIDE_1.16.0/STM32CubeIDE/plugins/com.st.stm32cube.ide.mcu.externaltools.gnu-tools-for-stm32.12.3.rel1.win32_1.0.200.202406191623/tools/bin/../lib/gcc/arm-none-eabi/12.3.1/../../../../arm-none-eabi/lib/thumb/v7e-m+fp/hard/crt0.o (memset)
C:/ST/STM32CubeIDE_1.16.0/STM32CubeIDE/plugins/com.st.stm32cube.ide.mcu.externaltools.gnu-tools-for-stm32.12.3.rel1.win32_1.0.200.202406191623/tools/bin/../lib/gcc/arm-none-eabi/12.3.1/../../../../arm-none-eabi/lib/thumb/v7e-m+fp/hard\libc_nano.a(libc_a-closer.o)
                              C:/ST/STM32CubeIDE_1.16.0/STM32CubeIDE/plugins/com.st.stm32cube.ide.mcu.externaltools.gnu-tools-for-stm32.12.3.rel1.win32_1.0.200.202406191623/tools/bin/../lib/gcc/arm-none-eabi/12.3.1/../../../../arm-none-eabi/lib/thumb/v7e-m+fp/hard\libc_nano.a(libc_a-stdio.o) (_close_r)
C:/ST/STM32CubeIDE_1.16.0/STM32CubeIDE/plugins/com.st.stm32cube.ide.mcu.externaltools.gnu-tools-for-stm32.12.3.rel1.win32_1.0.200.202406191623/tools/bin/../lib/gcc/arm-none-eabi/12.3.1/../../../../arm-none-eabi/lib/thumb/v7e-m+fp/hard\libc_nano.a(libc_a-reent.o)
                              C:/ST/STM32CubeIDE_1.16.0/STM32CubeIDE/plugins/com.st.stm32cube.ide.mcu.externaltools.gnu-tools-for-stm32.12.3.rel1.win32_1.0.200.202406191623/tools/bin/../lib/gcc/arm-none-eabi/12.3.1/../../../../arm-none-eabi/lib/thumb/v7e-m+fp/hard\libc_nano.a(libc_a-closer.o) (errno)
C:/ST/STM32CubeIDE_1.16.0/STM32CubeIDE/plugins/com.st.stm32cube.ide.mcu.externaltools.gnu-tools-for-stm32.12.3.rel1.win32_1.0.200.202406191623/tools/bin/../lib/gcc/arm-none-eabi/12.3.1/../../../../arm-none-eabi/lib/thumb/v7e-m+fp/hard\libc_nano.a(libc_a-impure.o)
                              C:/ST/STM32CubeIDE_1.16.0/STM32CubeIDE/plugins/com.st.stm32cube.ide.mcu.externaltools.gnu-tools-for-stm32.12.3.rel1.win32_1.0.200.202406191623/tools/bin/../lib/gcc/arm-none-eabi/12.3.1/../../../../arm-none-eabi/lib/thumb/v7e-m+fp/hard\libc_nano.a(libc_a-reent.o) (_impure_ptr)
C:/ST/STM32CubeIDE_1.16.0/STM32CubeIDE/plugins/com.st.stm32cube.ide.mcu.externaltools.gnu-tools-for-stm32.12.3.rel1.win32_1.0.200.202406191623/tools/bin/../lib/gcc/arm-none-eabi/12.3.1/../../../../arm-none-eabi/lib/thumb/v7e-m+fp/hard\libc_nano.a(libc_a-lseekr.o)
[...]
Memory Configuration

Name             Origin             Length             Attributes
CCMRAM           0x10000000         0x00010000         xrw
RAM              0x20000000         0x00030000         xrw
FLASH            0x08000000         0x00200000         xr
*default*        0x00000000         0xffffffff

Linker script and memory map

LOAD C:/ST/STM32CubeIDE_1.16.0/STM32CubeIDE/plugins/com.st.stm32cube.ide.mcu.externaltools.gnu-tools-for-stm32.12.3.rel1.win32_1.0.200.202406191623/tools/bin/../lib/gcc/arm-none-eabi/12.3.1/thumb/v7e-m+fp/hard/crti.o
LOAD C:/ST/STM32CubeIDE_1.16.0/STM32CubeIDE/plugins/com.st.stm32cube.ide.mcu.externaltools.gnu-tools-for-stm32.12.3.rel1.win32_1.0.200.202406191623/tools/bin/../lib/gcc/arm-none-eabi/12.3.1/thumb/v7e-m+fp/hard/crtbegin.o
LOAD C:/ST/STM32CubeIDE_1.16.0/STM32CubeIDE/plugins/com.st.stm32cube.ide.mcu.externaltools.gnu-tools-for-stm32.12.3.rel1.win32_1.0.200.202406191623/tools/bin/../lib/gcc/arm-none-eabi/12.3.1/../../../../arm-none-eabi/lib/thumb/v7e-m+fp/hard/crt0.o
LOAD ./Drivers/Src/stm32f429xx_gpio_driver.o
LOAD ./Drivers/Src/stm32f429xx_i2c_driver.o
LOAD ./Drivers/Src/stm32f429xx_rcc_driver.o
LOAD ./Drivers/Src/stm32f429xx_spi_driver.o
LOAD ./Drivers/Src/stm32f429xx_usart_driver.o
LOAD ./Src/010i2c_master_tx_testing.o
LOAD ./Src/syscalls.o
LOAD ./Src/sysmem.o
LOAD ./Startup/startup_stm32f429zitx.o
START GROUP
LOAD C:/ST/STM32CubeIDE_1.16.0/STM32CubeIDE/plugins/com.st.stm32cube.ide.mcu.externaltools.gnu-tools-for-stm32.12.3.rel1.win32_1.0.200.202406191623/tools/bin/../lib/gcc/arm-none-eabi/12.3.1/../../../../arm-none-eabi/lib/thumb/v7e-m+fp/hard\libc_nano.a
LOAD C:/ST/STM32CubeIDE_1.16.0/STM32CubeIDE/plugins/com.st.stm32cube.ide.mcu.externaltools.gnu-tools-for-stm32.12.3.rel1.win32_1.0.200.202406191623/tools/bin/../lib/gcc/arm-none-eabi/12.3.1/../../../../arm-none-eabi/lib/thumb/v7e-m+fp/hard\libm.a
END GROUP
START GROUP
LOAD C:/ST/STM32CubeIDE_1.16.0/STM32CubeIDE/plugins/com.st.stm32cube.ide.mcu.externaltools.gnu-tools-for-stm32.12.3.rel1.win32_1.0.200.202406191623/tools/bin/../lib/gcc/arm-none-eabi/12.3.1/thumb/v7e-m+fp/hard\libgcc.a
LOAD C:/ST/STM32CubeIDE_1.16.0/STM32CubeIDE/plugins/com.st.stm32cube.ide.mcu.externaltools.gnu-tools-for-stm32.12.3.rel1.win32_1.0.200.202406191623/tools/bin/../lib/gcc/arm-none-eabi/12.3.1/../../../../arm-none-eabi/lib/thumb/v7e-m+fp/hard\libc_nano.a
END GROUP
START GROUP
LOAD C:/ST/STM32CubeIDE_1.16.0/STM32CubeIDE/plugins/com.st.stm32cube.ide.mcu.externaltools.gnu-tools-for-stm32.12.3.rel1.win32_1.0.200.202406191623/tools/bin/../lib/gcc/arm-none-eabi/12.3.1/thumb/v7e-m+fp/hard\libgcc.a
LOAD C:/ST/STM32CubeIDE_1.16.0/STM32CubeIDE/plugins/com.st.stm32cube.ide.mcu.externaltools.gnu-tools-for-stm32.12.3.rel1.win32_1.0.200.202406191623/tools/bin/../lib/gcc/arm-none-eabi/12.3.1/../../../../arm-none-eabi/lib/thumb/v7e-m+fp/hard\libc_nano.a
LOAD C:/ST/STM32CubeIDE_1.16.0/STM32CubeIDE/plugins/com.st.stm32cube.ide.mcu.externaltools.gnu-tools-for-stm32.12.3.rel1.win32_1.0.200.202406191623/tools/bin/../lib/gcc/arm-none-eabi/12.3.1/../../../../arm-none-eabi/lib/thumb/v7e-m+fp/hard\libnosys.a
END GROUP
START GROUP
LOAD C:/ST/STM32CubeIDE_1.16.0/STM32CubeIDE/plugins/com.st.stm32cube.ide.mcu.externaltools.gnu-tools-for-stm32.12.3.rel1.win32_1.0.200.202406191623/tools/bin/../lib/gcc/arm-none-eabi/12.3.1/thumb/v7e-m+fp/hard\libgcc.a
LOAD C:/ST/STM32CubeIDE_1.16.0/STM32CubeIDE/plugins/com.st.stm32cube.ide.mcu.externaltools.gnu-tools-for-stm32.12.3.rel1.win32_1.0.200.202406191623/tools/bin/../lib/gcc/arm-none-eabi/12.3.1/../../../../arm-none-eabi/lib/thumb/v7e-m+fp/hard\libc_nano.a
LOAD C:/ST/STM32CubeIDE_1.16.0/STM32CubeIDE/plugins/com.st.stm32cube.ide.mcu.externaltools.gnu-tools-for-stm32.12.3.rel1.win32_1.0.200.202406191623/tools/bin/../lib/gcc/arm-none-eabi/12.3.1/../../../../arm-none-eabi/lib/thumb/v7e-m+fp/hard\libnosys.a
END GROUP
LOAD C:/ST/STM32CubeIDE_1.16.0/STM32CubeIDE/plugins/com.st.stm32cube.ide.mcu.externaltools.gnu-tools-for-stm32.12.3.rel1.win32_1.0.200.202406191623/tools/bin/../lib/gcc/arm-none-eabi/12.3.1/thumb/v7e-m+fp/hard/crtend.o
LOAD C:/ST/STM32CubeIDE_1.16.0/STM32CubeIDE/plugins/com.st.stm32cube.ide.mcu.externaltools.gnu-tools-for-stm32.12.3.rel1.win32_1.0.200.202406191623/tools/bin/../lib/gcc/arm-none-eabi/12.3.1/thumb/v7e-m+fp/hard/crtn.o
                0x20030000                        _estack = (ORIGIN (RAM) + LENGTH (RAM))
                0x00000200                        _Min_Heap_Size = 0x200
                0x00000400                        _Min_Stack_Size = 0x400

.isr_vector     0x08000000      0x1ac
                0x08000000                        . = ALIGN (0x4)
 *(.isr_vector)
 .isr_vector    0x08000000      0x1ac ./Startup/startup_stm32f429zitx.o
                0x08000000                g_pfnVectors
                0x080001ac                        . = ALIGN (0x4)

.text           0x080001ac      0xc64
                0x080001ac                        . = ALIGN (0x4)
 *(.text)
 .text          0x080001ac       0x40 C:/ST/STM32CubeIDE_1.16.0/STM32CubeIDE/plugins/com.st.stm32cube.ide.mcu.externaltools.gnu-tools-for-stm32.12.3.rel1.win32_1.0.200.202406191623/tools/bin/../lib/gcc/arm-none-eabi/12.3.1/thumb/v7e-m+fp/hard/crtbegin.o
 .text          0x080001ec       0x10 C:/ST/STM32CubeIDE_1.16.0/STM32CubeIDE/plugins/com.st.stm32cube.ide.mcu.externaltools.gnu-tools-for-stm32.12.3.rel1.win32_1.0.200.202406191623/tools/bin/../lib/gcc/arm-none-eabi/12.3.1/../../../../arm-none-eabi/lib/thumb/v7e-m+fp/hard\libc_nano.a(libc_a-strlen.o)
                0x080001ec                strlen
 *(.text*)
 .text.GPIO_PeriClockControl
                0x080001fc      0x1d0 ./Drivers/Src/stm32f429xx_gpio_driver.o
                0x080001fc                GPIO_PeriClockControl
 .text.GPIO_Init
                0x080003cc      0x334 ./Drivers/Src/stm32f429xx_gpio_driver.o
                0x080003cc                GPIO_Init
 .text.GPIO_ReadFromInputPin
                0x08000700       0x2c ./Drivers/Src/stm32f429xx_gpio_driver.o
                0x08000700                GPIO_ReadFromInputPin
 .text.I2C_PeriClockControl
                0x0800072c       0xb0 ./Drivers/Src/stm32f429xx_i2c_driver.o
                0x0800072c                I2C_PeriClockControl
 .text.I2C_Init
                0x080007dc      0x158 ./Drivers/Src/stm32f429xx_i2c_driver.o
                0x080007dc                I2C_Init
 .text.I2C_GetFlagStatus
                0x08000934       0x28 ./Drivers/Src/stm32f429xx_i2c_driver.o
                0x08000934                I2C_GetFlagStatus
 .text.I2C_PeripheralControl
                0x0800095c       0x38 ./Drivers/Src/stm32f429xx_i2c_driver.o
                0x0800095c                I2C_PeripheralControl
 .text.I2C_MasterSendData
                0x08000994       0xc6 ./Drivers/Src/stm32f429xx_i2c_driver.o
                0x08000994                I2C_MasterSendData
 .text.I2C_ManageAcking
                0x08000a5a       0x38 ./Drivers/Src/stm32f429xx_i2c_driver.o
                0x08000a5a                I2C_ManageAcking
 .text.I2C_GenerateStartCondition
                0x08000a92       0x20 ./Drivers/Src/stm32f429xx_i2c_driver.o
 .text.I2C_GenerateStopCondition
                0x08000ab2       0x20 ./Drivers/Src/stm32f429xx_i2c_driver.o
                0x08000ab2                I2C_GenerateStopCondition
 .text.I2C_ExecuteAddressPhaseWrite
                0x08000ad2       0x2c ./Drivers/Src/stm32f429xx_i2c_driver.o
 .text.I2C_ClearAddrFlag
                0x08000afe       0x6e ./Drivers/Src/stm32f429xx_i2c_driver.o
 .text.RCC_GetPCLK1Value
                0x08000b6c       0xb0 ./Drivers/Src/stm32f429xx_rcc_driver.o
                0x08000b6c                RCC_GetPCLK1Value
 .text.RCC_GetPLLOutputClock
                0x08000c1c       0x10 ./Drivers/Src/stm32f429xx_rcc_driver.o
                0x08000c1c                RCC_GetPLLOutputClock
 .text.delay    0x08000c2c       0x2c ./Src/010i2c_master_tx_testing.o
                0x08000c2c                delay
 .text.I2C1_GPIOInits
                0x08000c58       0x44 ./Src/010i2c_master_tx_testing.o
                0x08000c58                I2C1_GPIOInits
 .text.I2C1_Inits
                0x08000c9c       0x38 ./Src/010i2c_master_tx_testing.o
                0x08000c9c                I2C1_Inits
 .text.GPIO_ButtonInit
                0x08000cd4       0x30 ./Src/010i2c_master_tx_testing.o
                0x08000cd4                GPIO_ButtonInit
 .text.main     0x08000d04       0x58 ./Src/010i2c_master_tx_testing.o
                0x08000d04                main
 .text.Reset_Handler
                0x08000d5c       0x50 ./Startup/startup_stm32f429zitx.o
                0x08000d5c                Reset_Handler
 .text.Default_Handler
                0x08000dac        0x2 ./Startup/startup_stm32f429zitx.o
                0x08000dac                RTC_Alarm_IRQHandler
                0x08000dac                HASH_RNG_IRQHandler
                0x08000dac                EXTI2_IRQHandler
                0x08000dac                TIM8_CC_IRQHandler
                0x08000dac                DebugMon_Handler
                0x08000dac                UART8_IRQHandler
                0x08000dac                SPI4_IRQHandler
                0x08000dac                TIM1_CC_IRQHandler
                0x08000dac                DMA2_Stream5_IRQHandler
                0x08000dac                HardFault_Handler
                0x08000dac                DMA1_Stream5_IRQHandler
                0x08000dac                SysTick_Handler
                0x08000dac                PVD_IRQHandler
                0x08000dac                SDIO_IRQHandler
                0x08000dac                TAMP_STAMP_IRQHandler
                0x08000dac                PendSV_Handler
                0x08000dac                NMI_Handler
                0x08000dac                CAN2_RX1_IRQHandler
                0x08000dac                EXTI3_IRQHandler
                0x08000dac                TIM8_TRG_COM_TIM14_IRQHandler
                0x08000dac                TIM1_UP_TIM10_IRQHandler
                0x08000dac                TIM8_UP_TIM13_IRQHandler
                0x08000dac                I2C3_ER_IRQHandler
                0x08000dac                LCD_TFT_IRQHandler
                0x08000dac                EXTI0_IRQHandler
                0x08000dac                I2C2_EV_IRQHandler
                0x08000dac                DMA1_Stream2_IRQHandler
                0x08000dac                CAN1_RX0_IRQHandler
                0x08000dac                FPU_IRQHandler
                0x08000dac                OTG_HS_WKUP_IRQHandler
                0x08000dac                UsageFault_Handler
                0x08000dac                CAN2_SCE_IRQHandler
                0x08000dac                DMA2_Stream2_IRQHandler
                0x08000dac                SPI1_IRQHandler
                0x08000dac                TIM6_DAC_IRQHandler
                0x08000dac                TIM1_BRK_TIM9_IRQHandler
                0x08000dac                DCMI_IRQHandler
                0x08000dac                CAN2_RX0_IRQHandler
                0x08000dac                DMA2_Stream3_IRQHandler
                0x08000dac                USART6_IRQHandler
                0x08000dac                USART3_IRQHandler
                0x08000dac                CRYP_IRQHandler
                0x08000dac                CAN1_RX1_IRQHandler
                0x08000dac                UART5_IRQHandler
                0x08000dac                DMA2_Stream0_IRQHandler
                0x08000dac                TIM4_IRQHandler
                0x08000dac                I2C1_EV_IRQHandler
                0x08000dac                DMA1_Stream6_IRQHandler
                0x08000dac                DMA1_Stream1_IRQHandler
                0x08000dac                UART4_IRQHandler
                0x08000dac                LCD_TFT_1_IRQHandler
                0x08000dac                TIM3_IRQHandler
                0x08000dac                RCC_IRQHandler
                0x08000dac                TIM8_BRK_TIM12_IRQHandler
                0x08000dac                Default_Handler
                0x08000dac                EXTI15_10_IRQHandler
                0x08000dac                ADC_IRQHandler
                0x08000dac                DMA1_Stream7_IRQHandler
                0x08000dac                SPI5_IRQHandler
                0x08000dac                TIM7_IRQHandler
                0x08000dac                CAN2_TX_IRQHandler
                0x08000dac                TIM5_IRQHandler
                0x08000dac                DMA2_Stream7_IRQHandler
                0x08000dac                I2C3_EV_IRQHandler
                0x08000dac                EXTI9_5_IRQHandler
                0x08000dac                RTC_WKUP_IRQHandler
                0x08000dac                ETH_WKUP_IRQHandler
                0x08000dac                SPI2_IRQHandler
                0x08000dac                OTG_HS_EP1_IN_IRQHandler
                0x08000dac                MemManage_Handler
                0x08000dac                DMA1_Stream0_IRQHandler
                0x08000dac                CAN1_TX_IRQHandler
                0x08000dac                SVC_Handler
                0x08000dac                EXTI4_IRQHandler
                0x08000dac                ETH_IRQHandler
                0x08000dac                OTG_HS_EP1_OUT_IRQHandler
                0x08000dac                WWDG_IRQHandler
                0x08000dac                SPI6_IRQHandler
                0x08000dac                TIM2_IRQHandler
                0x08000dac                OTG_FS_WKUP_IRQHandler
                0x08000dac                TIM1_TRG_COM_TIM11_IRQHandler
                0x08000dac                OTG_HS_IRQHandler
                0x08000dac                DMA2D_IRQHandler
                0x08000dac                EXTI1_IRQHandler
                0x08000dac                UART7_IRQHandler
                0x08000dac                USART2_IRQHandler
                0x08000dac                I2C2_ER_IRQHandler
                0x08000dac                DMA2_Stream1_IRQHandler
                0x08000dac                CAN1_SCE_IRQHandler
                0x08000dac                FLASH_IRQHandler
                0x08000dac                DMA2_Stream4_IRQHandler
                0x08000dac                BusFault_Handler
                0x08000dac                USART1_IRQHandler
                0x08000dac                OTG_FS_IRQHandler
                0x08000dac                SPI3_IRQHandler
                0x08000dac                DMA1_Stream4_IRQHandler
                0x08000dac                I2C1_ER_IRQHandler
                0x08000dac                FMC_IRQHandler
                0x08000dac                DMA2_Stream6_IRQHandler
                0x08000dac                SAI1_IRQHandler
                0x08000dac                DMA1_Stream3_IRQHandler
 *fill*         0x08000dae        0x2 
 .text.__libc_init_array
                0x08000db0       0x48 C:/ST/STM32CubeIDE_1.16.0/STM32CubeIDE/plugins/com.st.stm32cube.ide.mcu.externaltools.gnu-tools-for-stm32.12.3.rel1.win32_1.0.200.202406191623/tools/bin/../lib/gcc/arm-none-eabi/12.3.1/../../../../arm-none-eabi/lib/thumb/v7e-m+fp/hard\libc_nano.a(libc_a-init.o)
                0x08000db0                __libc_init_array
 *(.glue_7)
 .glue_7        0x08000df8        0x0 linker stubs
 *(.glue_7t)
 .glue_7t       0x08000df8        0x0 linker stubs
 *(.eh_frame)
 .eh_frame      0x08000df8        0x0 C:/ST/STM32CubeIDE_1.16.0/STM32CubeIDE/plugins/com.st.stm32cube.ide.mcu.externaltools.gnu-tools-for-stm32.12.3.rel1.win32_1.0.200.202406191623/tools/bin/../lib/gcc/arm-none-eabi/12.3.1/thumb/v7e-m+fp/hard/crtbegin.o
 *(.init)
 .init          0x08000df8        0x4 C:/ST/STM32CubeIDE_1.16.0/STM32CubeIDE/plugins/com.st.stm32cube.ide.mcu.externaltools.gnu-tools-for-stm32.12.3.rel1.win32_1.0.200.202406191623/tools/bin/../lib/gcc/arm-none-eabi/12.3.1/thumb/v7e-m+fp/hard/crti.o
                0x08000df8                _init
 .init          0x08000dfc        0x8 C:/ST/STM32CubeIDE_1.16.0/STM32CubeIDE/plugins/com.st.stm32cube.ide.mcu.externaltools.gnu-tools-for-stm32.12.3.rel1.win32_1.0.200.202406191623/tools/bin/../lib/gcc/arm-none-eabi/12.3.1/thumb/v7e-m+fp/hard/crtn.o
 *(.fini)
 .fini          0x08000e04        0x4 C:/ST/STM32CubeIDE_1.16.0/STM32CubeIDE/plugins/com.st.stm32cube.ide.mcu.externaltools.gnu-tools-for-stm32.12.3.rel1.win32_1.0.200.202406191623/tools/bin/../lib/gcc/arm-none-eabi/12.3.1/thumb/v7e-m+fp/hard/crti.o
                0x08000e04                _fini
 .fini          0x08000e08        0x8 C:/ST/STM32CubeIDE_1.16.0/STM32CubeIDE/plugins/com.st.stm32cube.ide.mcu.externaltools.gnu-tools-for-stm32.12.3.rel1.win32_1.0.200.202406191623/tools/bin/../lib/gcc/arm-none-eabi/12.3.1/thumb/v7e-m+fp/hard/crtn.o
                0x08000e10                        . = ALIGN (0x4)
                0x08000e10                        _etext = .

.vfp11_veneer   0x08000e10        0x0
 .vfp11_veneer  0x08000e10        0x0 linker stubs

.v4_bx          0x08000e10        0x0
 .v4_bx         0x08000e10        0x0 linker stubs

.iplt           0x08000e10        0x0
 .iplt          0x08000e10        0x0 C:/ST/STM32CubeIDE_1.16.0/STM32CubeIDE/plugins/com.st.stm32cube.ide.mcu.externaltools.gnu-tools-for-stm32.12.3.rel1.win32_1.0.200.202406191623/tools/bin/../lib/gcc/arm-none-eabi/12.3.1/thumb/v7e-m+fp/hard/crtbegin.o

.rodata         0x08000e10        0x0
                0x08000e10                        . = ALIGN (0x4)
 *(.rodata)
 *(.rodata*)
                0x08000e10                        . = ALIGN (0x4)

.ARM.extab      0x08000e10        0x0
                0x08000e10                        . = ALIGN (0x4)
 *(.ARM.extab* .gnu.linkonce.armextab.*)
                0x08000e10                        . = ALIGN (0x4)

.ARM            0x08000e10        0x8
                0x08000e10                        . = ALIGN (0x4)
                0x08000e10                        __exidx_start = .
 *(.ARM.exidx*)
 .ARM.exidx     0x08000e10        0x8 C:/ST/STM32CubeIDE_1.16.0/STM32CubeIDE/plugins/com.st.stm32cube.ide.mcu.externaltools.gnu-tools-for-stm32.12.3.rel1.win32_1.0.200.202406191623/tools/bin/../lib/gcc/arm-none-eabi/12.3.1/../../../../arm-none-eabi/lib/thumb/v7e-m+fp/hard\libc_nano.a(libc_a-strlen.o)
                0x08000e18                        __exidx_end = .
                0x08000e18                        . = ALIGN (0x4)

.preinit_array  0x08000e18        0x0
                0x08000e18                        . = ALIGN (0x4)
                0x08000e18                        PROVIDE (__preinit_array_start = .)
 *(.preinit_array*)
                0x08000e18                        PROVIDE (__preinit_array_end = .)
                0x08000e18                        . = ALIGN (0x4)

.init_array     0x08000e18        0x4
                0x08000e18                        . = ALIGN (0x4)
                0x08000e18                        PROVIDE (__init_array_start = .)
 *(SORT_BY_NAME(.init_array.*))
 *(.init_array*)
 .init_array    0x08000e18        0x4 C:/ST/STM32CubeIDE_1.16.0/STM32CubeIDE/plugins/com.st.stm32cube.ide.mcu.externaltools.gnu-tools-for-stm32.12.3.rel1.win32_1.0.200.202406191623/tools/bin/../lib/gcc/arm-none-eabi/12.3.1/thumb/v7e-m+fp/hard/crtbegin.o
                0x08000e1c                        PROVIDE (__init_array_end = .)
                0x08000e1c                        . = ALIGN (0x4)

.fini_array     0x08000e1c        0x4
                0x08000e1c                        . = ALIGN (0x4)
                [!provide]                        PROVIDE (__fini_array_start = .)
 *(SORT_BY_NAME(.fini_array.*))
 *(.fini_array*)
 .fini_array    0x08000e1c        0x4 C:/ST/STM32CubeIDE_1.16.0/STM32CubeIDE/plugins/com.st.stm32cube.ide.mcu.externaltools.gnu-tools-for-stm32.12.3.rel1.win32_1.0.200.202406191623/tools/bin/../lib/gcc/arm-none-eabi/12.3.1/thumb/v7e-m+fp/hard/crtbegin.o
                [!provide]                        PROVIDE (__fini_array_end = .)
                0x08000e20                        . = ALIGN (0x4)
                0x08000e20                        _sidata = LOADADDR (.data)

.rel.dyn        0x08000e20        0x0
 .rel.iplt      0x08000e20        0x0 C:/ST/STM32CubeIDE_1.16.0/STM32CubeIDE/plugins/com.st.stm32cube.ide.mcu.externaltools.gnu-tools-for-stm32.12.3.rel1.win32_1.0.200.202406191623/tools/bin/../lib/gcc/arm-none-eabi/12.3.1/thumb/v7e-m+fp/hard/crtbegin.o

.data           0x20000000       0x34 load address 0x08000e20
                0x20000000                        . = ALIGN (0x4)
                0x20000000                        _sdata = .
 *(.data)
 *(.data*)
 .data.AHB_PreScaler
                0x20000000       0x10 ./Drivers/Src/stm32f429xx_rcc_driver.o
                0x20000000                AHB_PreScaler
 .data.APB1_PreScaler
                0x20000010        0x4 ./Drivers/Src/stm32f429xx_rcc_driver.o
                0x20000010                APB1_PreScaler
 .data.some_data
                0x20000014       0x1e ./Src/010i2c_master_tx_testing.o
                0x20000014                some_data
 *(.RamFunc)
 *(.RamFunc*)
                0x20000034                        . = ALIGN (0x4)
 *fill*         0x20000032        0x2 
                0x20000034                        _edata = .
                0x08000e54                        _siccmram = LOADADDR (.ccmram)

.igot.plt       0x20000034        0x0 load address 0x08000e54
 .igot.plt      0x20000034        0x0 C:/ST/STM32CubeIDE_1.16.0/STM32CubeIDE/plugins/com.st.stm32cube.ide.mcu.externaltools.gnu-tools-for-stm32.12.3.rel1.win32_1.0.200.202406191623/tools/bin/../lib/gcc/arm-none-eabi/12.3.1/thumb/v7e-m+fp/hard/crtbegin.o

.ccmram         0x10000000        0x0 load address 0x08000e54
                0x10000000                        . = ALIGN (0x4)
                0x10000000                        _sccmram = .
 *(.ccmram)
 *(.ccmram*)
                0x10000000                        . = ALIGN (0x4)
                0x10000000                        _eccmram = .
                0x10000000                        . = ALIGN (0x4)

.bss            0x20000034       0x44
                0x20000034                        _sbss = .
                0x20000034                        __bss_start__ = _sbss
 *(.bss)
 .bss           0x20000034       0x1c C:/ST/STM32CubeIDE_1.16.0/STM32CubeIDE/plugins/com.st.stm32cube.ide.mcu.externaltools.gnu-tools-for-stm32.12.3.rel1.win32_1.0.200.202406191623/tools/bin/../lib/gcc/arm-none-eabi/12.3.1/thumb/v7e-m+fp/hard/crtbegin.o
 *(.bss*)
 .bss.I2C1Handle
                0x20000050       0x28 ./Src/010i2c_master_tx_testing.o
                0x20000050                I2C1Handle
 *(COMMON)
                0x20000078                        . = ALIGN (0x4)
                0x20000078                        _ebss = .
                0x20000078                        __bss_end__ = _ebss

._user_heap_stack
                0x20000078      0x600
                0x20000078                        . = ALIGN (0x8)
                [!provide]                        PROVIDE (end = .)
                0x20000078                        PROVIDE (_end = .)
                0x20000278                        . = (. + _Min_Heap_Size)
 *fill*         0x20000078      0x200 
                0x20000678                        . = (. + _Min_Stack_Size)
 *fill*         0x20000278      0x400 
                0x20000678                        . = ALIGN (0x8)

/DISCARD/
 libc.a(*)
 libm.a(*)
 libgcc.a(*)

.ARM.attributes
                0x00000000       0x30
 *(.ARM.attributes)
 .ARM.attributes
                0x00000000       0x22 C:/ST/STM32CubeIDE_1.16.0/STM32CubeIDE/plugins/com.st.stm32cube.ide.mcu.externaltools.gnu-tools-for-stm32.12.3.rel1.win32_1.0.200.202406191623/tools/bin/../lib/gcc/arm-none-eabi/12.3.1/thumb/v7e-m+fp/hard/crti.o
 .ARM.attributes
                0x00000022       0x34 C:/ST/STM32CubeIDE_1.16.0/STM32CubeIDE/plugins/com.st.stm32cube.ide.mcu.externaltools.gnu-tools-for-stm32.12.3.rel1.win32_1.0.200.202406191623/tools/bin/../lib/gcc/arm-none-eabi/12.3.1/thumb/v7e-m+fp/hard/crtbegin.o
 .ARM.attributes
                0x00000056       0x34 ./Drivers/Src/stm32f429xx_gpio_driver.o
 .ARM.attributes
                0x0000008a       0x34 ./Drivers/Src/stm32f429xx_i2c_driver.o
 .ARM.attributes
                0x000000be       0x34 ./Drivers/Src/stm32f429xx_rcc_driver.o
 .ARM.attributes
                0x000000f2       0x34 ./Src/010i2c_master_tx_testing.o
 .ARM.attributes
                0x00000126       0x21 ./Startup/startup_stm32f429zitx.o
 .ARM.attributes
                0x00000147       0x34 C:/ST/STM32CubeIDE_1.16.0/STM32CubeIDE/plugins/com.st.stm32cube.ide.mcu.externaltools.gnu-tools-for-stm32.12.3.rel1.win32_1.0.200.202406191623/tools/bin/../lib/gcc/arm-none-eabi/12.3.1/../../../../arm-none-eabi/lib/thumb/v7e-m+fp/hard\libc_nano.a(libc_a-init.o)
 .ARM.attributes
                0x0000017b       0x17 C:/ST/STM32CubeIDE_1.16.0/STM32CubeIDE/plugins/com.st.stm32cube.ide.mcu.externaltools.gnu-tools-for-stm32.12.3.rel1.win32_1.0.200.202406191623/tools/bin/../lib/gcc/arm-none-eabi/12.3.1/../../../../arm-none-eabi/lib/thumb/v7e-m+fp/hard\libc_nano.a(libc_a-strlen.o)
 .ARM.attributes
                0x00000192       0x22 C:/ST/STM32CubeIDE_1.16.0/STM32CubeIDE/plugins/com.st.stm32cube.ide.mcu.externaltools.gnu-tools-for-stm32.12.3.rel1.win32_1.0.200.202406191623/tools/bin/../lib/gcc/arm-none-eabi/12.3.1/thumb/v7e-m+fp/hard/crtn.o
OUTPUT(STM32F429I DISC1 Board Drivers.elf elf32-littlearm)
LOAD linker stubs
LOAD C:/ST/STM32CubeIDE_1.16.0/STM32CubeIDE/plugins/com.st.stm32cube.ide.mcu.externaltools.gnu-tools-for-stm32.12.3.rel1.win32_1.0.200.202406191623/tools/bin/../lib/gcc/arm-none-eabi/12.3.1/../../../../arm-none-eabi/lib/thumb/v7e-m+fp/hard\libc.a
LOAD C:/ST/STM32CubeIDE_1.16.0/STM32CubeIDE/plugins/com.st.stm32cube.ide.mcu.externaltools.gnu-tools-for-stm32.12.3.rel1.win32_1.0.200.202406191623/tools/bin/../lib/gcc/arm-none-eabi/12.3.1/../../../../arm-none-eabi/lib/thumb/v7e-m+fp/hard\libm.a
LOAD C:/ST/STM32CubeIDE_1.16.0/STM32CubeIDE/plugins/com.st.stm32cube.ide.mcu.externaltools.gnu-tools-for-stm32.12.3.rel1.win32_1.0.200.202406191623/tools/bin/../lib/gcc/arm-none-eabi/12.3.1/thumb/v7e-m+fp/hard\libgcc.a

.debug_info     0x00000000     0x1a8f
 .debug_info    0x00000000      0x74c ./Drivers/Src/stm32f429xx_gpio_driver.o
 .debug_info    0x0000074c      0xa61 ./Drivers/Src/stm32f429xx_i2c_driver.o
 .debug_info    0x000011ad      0x3bf ./Drivers/Src/stm32f429xx_rcc_driver.o
 .debug_info    0x0000156c      0x4f3 ./Src/010i2c_master_tx_testing.o
 .debug_info    0x00001a5f       0x30 ./Startup/startup_stm32f429zitx.o

.debug_abbrev   0x00000000      0x73a
 .debug_abbrev  0x00000000      0x1ac ./Drivers/Src/stm32f429xx_gpio_driver.o
 .debug_abbrev  0x000001ac      0x28d ./Drivers/Src/stm32f429xx_i2c_driver.o
 .debug_abbrev  0x00000439      0x120 ./Drivers/Src/stm32f429xx_rcc_driver.o
 .debug_abbrev  0x00000559      0x1bd ./Src/010i2c_master_tx_testing.o
 .debug_abbrev  0x00000716       0x24 ./Startup/startup_stm32f429zitx.o

.debug_aranges  0x00000000      0x1f8
 .debug_aranges
                0x00000000       0x70 ./Drivers/Src/stm32f429xx_gpio_driver.o
 .debug_aranges
                0x00000070       0xf0 ./Drivers/Src/stm32f429xx_i2c_driver.o
 .debug_aranges
                0x00000160       0x30 ./Drivers/Src/stm32f429xx_rcc_driver.o
 .debug_aranges
                0x00000190       0x40 ./Src/010i2c_master_tx_testing.o
 .debug_aranges
                0x000001d0       0x28 ./Startup/startup_stm32f429zitx.o

.debug_rnglists
                0x00000000      0x172
 .debug_rnglists
                0x00000000       0x53 ./Drivers/Src/stm32f429xx_gpio_driver.o
 .debug_rnglists
                0x00000053       0xba ./Drivers/Src/stm32f429xx_i2c_driver.o
 .debug_rnglists
                0x0000010d       0x21 ./Drivers/Src/stm32f429xx_rcc_driver.o
 .debug_rnglists
                0x0000012e       0x2b ./Src/010i2c_master_tx_testing.o
 .debug_rnglists
                0x00000159       0x19 ./Startup/startup_stm32f429zitx.o

.debug_macro    0x00000000     0x32db
 .debug_macro   0x00000000       0xc2 ./Drivers/Src/stm32f429xx_gpio_driver.o
 .debug_macro   0x000000c2      0xac0 ./Drivers/Src/stm32f429xx_gpio_driver.o
 .debug_macro   0x00000b82      0x189 ./Drivers/Src/stm32f429xx_gpio_driver.o
 .debug_macro   0x00000d0b       0x22 ./Drivers/Src/stm32f429xx_gpio_driver.o
 .debug_macro   0x00000d2d       0x8e ./Drivers/Src/stm32f429xx_gpio_driver.o
 .debug_macro   0x00000dbb       0x51 ./Drivers/Src/stm32f429xx_gpio_driver.o
 .debug_macro   0x00000e0c      0x103 ./Drivers/Src/stm32f429xx_gpio_driver.o
 .debug_macro   0x00000f0f       0x6a ./Drivers/Src/stm32f429xx_gpio_driver.o
 .debug_macro   0x00000f79      0x1df ./Drivers/Src/stm32f429xx_gpio_driver.o
 .debug_macro   0x00001158      0xd2d ./Drivers/Src/stm32f429xx_gpio_driver.o
 .debug_macro   0x00001e85       0xbe ./Drivers/Src/stm32f429xx_gpio_driver.o
 .debug_macro   0x00001f43       0xd0 ./Drivers/Src/stm32f429xx_gpio_driver.o
 .debug_macro   0x00002013      0x10e ./Drivers/Src/stm32f429xx_gpio_driver.o
 .debug_macro   0x00002121       0xca ./Drivers/Src/stm32f429xx_gpio_driver.o
 .debug_macro   0x000021eb       0xc2 ./Drivers/Src/stm32f429xx_i2c_driver.o
 .debug_macro   0x000022ad       0xc4 ./Drivers/Src/stm32f429xx_i2c_driver.o
 .debug_macro   0x00002371       0xca ./Drivers/Src/stm32f429xx_i2c_driver.o
 .debug_macro   0x0000243b       0xbc ./Drivers/Src/stm32f429xx_rcc_driver.o
 .debug_macro   0x000024f7      0x1d2 ./Src/010i2c_master_tx_testing.o
 .debug_macro   0x000026c9       0x5b ./Src/010i2c_master_tx_testing.o
 .debug_macro   0x00002724       0x2a ./Src/010i2c_master_tx_testing.o
 .debug_macro   0x0000274e       0x94 ./Src/010i2c_master_tx_testing.o
 .debug_macro   0x000027e2       0x43 ./Src/010i2c_master_tx_testing.o
 .debug_macro   0x00002825       0x34 ./Src/010i2c_master_tx_testing.o
 .debug_macro   0x00002859       0x16 ./Src/010i2c_master_tx_testing.o
 .debug_macro   0x0000286f       0x57 ./Src/010i2c_master_tx_testing.o
 .debug_macro   0x000028c6       0x9e ./Src/010i2c_master_tx_testing.o
 .debug_macro   0x00002964      0x369 ./Src/010i2c_master_tx_testing.o
 .debug_macro   0x00002ccd      0x10b ./Src/010i2c_master_tx_testing.o
 .debug_macro   0x00002dd8       0x10 ./Src/010i2c_master_tx_testing.o
 .debug_macro   0x00002de8       0x16 ./Src/010i2c_master_tx_testing.o
 .debug_macro   0x00002dfe       0x43 ./Src/010i2c_master_tx_testing.o
 .debug_macro   0x00002e41       0x34 ./Src/010i2c_master_tx_testing.o
 .debug_macro   0x00002e75       0x10 ./Src/010i2c_master_tx_testing.o
 .debug_macro   0x00002e85       0x58 ./Src/010i2c_master_tx_testing.o
 .debug_macro   0x00002edd       0x8e ./Src/010i2c_master_tx_testing.o
 .debug_macro   0x00002f6b       0x1c ./Src/010i2c_master_tx_testing.o
 .debug_macro   0x00002f87      0x177 ./Src/010i2c_master_tx_testing.o
 .debug_macro   0x000030fe       0x16 ./Src/010i2c_master_tx_testing.o
 .debug_macro   0x00003114       0x16 ./Src/010i2c_master_tx_testing.o
 .debug_macro   0x0000312a      0x146 ./Src/010i2c_master_tx_testing.o
 .debug_macro   0x00003270       0x16 ./Src/010i2c_master_tx_testing.o
 .debug_macro   0x00003286       0x35 ./Src/010i2c_master_tx_testing.o
 .debug_macro   0x000032bb       0x20 ./Src/010i2c_master_tx_testing.o

.debug_line     0x00000000     0x273c
 .debug_line    0x00000000      0xaef ./Drivers/Src/stm32f429xx_gpio_driver.o
 .debug_line    0x00000aef      0xe41 ./Drivers/Src/stm32f429xx_i2c_driver.o
 .debug_line    0x00001930      0x611 ./Drivers/Src/stm32f429xx_rcc_driver.o
 .debug_line    0x00001f41      0x780 ./Src/010i2c_master_tx_testing.o
 .debug_line    0x000026c1       0x7b ./Startup/startup_stm32f429zitx.o

.debug_str      0x00000000     0xc451
 .debug_str     0x00000000     0x876a ./Drivers/Src/stm32f429xx_gpio_driver.o
                               0x898d (size before relaxing)
 .debug_str     0x0000876a      0x3c5 ./Drivers/Src/stm32f429xx_i2c_driver.o
                               0x8b01 (size before relaxing)
 .debug_str     0x00008b2f       0xaf ./Drivers/Src/stm32f429xx_rcc_driver.o
                               0x87b5 (size before relaxing)
 .debug_str     0x00008bde     0x3834 ./Src/010i2c_master_tx_testing.o
                               0xbfff (size before relaxing)
 .debug_str     0x0000c412       0x3f ./Startup/startup_stm32f429zitx.o
                                 0xa2 (size before relaxing)

.comment        0x00000000       0x43
 .comment       0x00000000       0x43 ./Drivers/Src/stm32f429xx_gpio_driver.o
                                 0x44 (size before relaxing)
 .comment       0x00000043       0x44 ./Drivers/Src/stm32f429xx_i2c_driver.o
 .comment       0x00000043       0x44 ./Drivers/Src/stm32f429xx_rcc_driver.o
 .comment       0x00000043       0x44 ./Src/010i2c_master_tx_testing.o

.debug_frame    0x00000000      0x74c
 .debug_frame   0x00000000      0x1c8 ./Drivers/Src/stm32f429xx_gpio_driver.o
 .debug_frame   0x000001c8      0x420 ./Drivers/Src/stm32f429xx_i2c_driver.o
 .debug_frame   0x000005e8       0x7c ./Drivers/Src/stm32f429xx_rcc_driver.o
 .debug_frame   0x00000664       0xbc ./Src/010i2c_master_tx_testing.o
 .debug_frame   0x00000720       0x2c C:/ST/STM32CubeIDE_1.16.0/STM32CubeIDE/plugins/com.st.stm32cube.ide.mcu.externaltools.gnu-tools-for-stm32.12.3.rel1.win32_1.0.200.202406191623/tools/bin/../lib/gcc/arm-none-eabi/12.3.1/../../../../arm-none-eabi/lib/thumb/v7e-m+fp/hard\libc_nano.a(libc_a-init.o)

.debug_line_str
                0x00000000       0x86
 .debug_line_str
                0x00000000       0x86 ./Startup/startup_stm32f429zitx.o
